Archive member included because of file (symbol)

/home/linksky/.pebble-sdk/SDKs/current/sdk-core/pebble/aplite/lib/libpebble.a(tmp7jpKUopebble.o)
                              src/c/main.c.33.o (app_event_loop)

Discarded input sections

 .text          0x0000000000000000        0x0 /home/linksky/pebble-dev/pebble-sdk-4.5-linux64/arm-cs-tools/bin/../lib/gcc/arm-none-eabi/4.7.2/thumb2/crti.o
 .bss           0x0000000000000000        0x0 /home/linksky/pebble-dev/pebble-sdk-4.5-linux64/arm-cs-tools/bin/../lib/gcc/arm-none-eabi/4.7.2/thumb2/crti.o
 .init          0x0000000000000000        0x4 /home/linksky/pebble-dev/pebble-sdk-4.5-linux64/arm-cs-tools/bin/../lib/gcc/arm-none-eabi/4.7.2/thumb2/crti.o
 .fini          0x0000000000000000        0x4 /home/linksky/pebble-dev/pebble-sdk-4.5-linux64/arm-cs-tools/bin/../lib/gcc/arm-none-eabi/4.7.2/thumb2/crti.o
 .text          0x0000000000000000       0xc8 /home/linksky/pebble-dev/pebble-sdk-4.5-linux64/arm-cs-tools/bin/../lib/gcc/arm-none-eabi/4.7.2/thumb2/crtbegin.o
 .bss           0x0000000000000000       0x1c /home/linksky/pebble-dev/pebble-sdk-4.5-linux64/arm-cs-tools/bin/../lib/gcc/arm-none-eabi/4.7.2/thumb2/crtbegin.o
 .init_array    0x0000000000000000        0x4 /home/linksky/pebble-dev/pebble-sdk-4.5-linux64/arm-cs-tools/bin/../lib/gcc/arm-none-eabi/4.7.2/thumb2/crtbegin.o
 .fini_array    0x0000000000000000        0x4 /home/linksky/pebble-dev/pebble-sdk-4.5-linux64/arm-cs-tools/bin/../lib/gcc/arm-none-eabi/4.7.2/thumb2/crtbegin.o
 .eh_frame      0x0000000000000000        0x0 /home/linksky/pebble-dev/pebble-sdk-4.5-linux64/arm-cs-tools/bin/../lib/gcc/arm-none-eabi/4.7.2/thumb2/crtbegin.o
 .jcr           0x0000000000000000        0x0 /home/linksky/pebble-dev/pebble-sdk-4.5-linux64/arm-cs-tools/bin/../lib/gcc/arm-none-eabi/4.7.2/thumb2/crtbegin.o
 .tm_clone_table
                0x0000000000000000        0x0 /home/linksky/pebble-dev/pebble-sdk-4.5-linux64/arm-cs-tools/bin/../lib/gcc/arm-none-eabi/4.7.2/thumb2/crtbegin.o
 .text          0x0000000000000000        0x0 src/c/main.c.33.o
 .bss           0x0000000000000000        0x0 src/c/main.c.33.o
 .rodata.POSITIONS
                0x0000000000000000       0x30 src/c/main.c.33.o
 .text          0x0000000000000000        0x0 src/c/pebble-gbc-graphics/pebble-gbc-graphics.c.33.o
 .bss           0x0000000000000000        0x0 src/c/pebble-gbc-graphics/pebble-gbc-graphics.c.33.o
 .text.GBC_Graphics_set_screen_bounds
                0x0000000000000000       0x32 src/c/pebble-gbc-graphics/pebble-gbc-graphics.c.33.o
 .text.GBC_Graphics_set_screen_x_origin
                0x0000000000000000        0x6 src/c/pebble-gbc-graphics/pebble-gbc-graphics.c.33.o
 .text.GBC_Graphics_set_screen_y_origin
                0x0000000000000000        0x6 src/c/pebble-gbc-graphics/pebble-gbc-graphics.c.33.o
 .text.GBC_Graphics_set_screen_width
                0x0000000000000000        0x6 src/c/pebble-gbc-graphics/pebble-gbc-graphics.c.33.o
 .text.GBC_Graphics_set_screen_height
                0x0000000000000000        0x6 src/c/pebble-gbc-graphics/pebble-gbc-graphics.c.33.o
 .text.GBC_Graphics_get_screen_bounds
                0x0000000000000000       0x1c src/c/pebble-gbc-graphics/pebble-gbc-graphics.c.33.o
 .text.GBC_Graphics_get_screen_x_origin
                0x0000000000000000        0x6 src/c/pebble-gbc-graphics/pebble-gbc-graphics.c.33.o
 .text.GBC_Graphics_get_screen_y_origin
                0x0000000000000000        0x6 src/c/pebble-gbc-graphics/pebble-gbc-graphics.c.33.o
 .text.GBC_Graphics_get_screen_width
                0x0000000000000000        0x6 src/c/pebble-gbc-graphics/pebble-gbc-graphics.c.33.o
 .text.GBC_Graphics_vram_move_tiles
                0x0000000000000000       0x66 src/c/pebble-gbc-graphics/pebble-gbc-graphics.c.33.o
 .text.GBC_Graphics_get_vram_bank
                0x0000000000000000        0x8 src/c/pebble-gbc-graphics/pebble-gbc-graphics.c.33.o
 .text.GBC_Graphics_set_sprite_palette
                0x0000000000000000       0x1a src/c/pebble-gbc-graphics/pebble-gbc-graphics.c.33.o
 .text.GBC_Graphics_set_bg_palette_array
                0x0000000000000000        0xa src/c/pebble-gbc-graphics/pebble-gbc-graphics.c.33.o
 .text.GBC_Graphics_set_sprite_palette_array
                0x0000000000000000        0xa src/c/pebble-gbc-graphics/pebble-gbc-graphics.c.33.o
 .text.GBC_Graphics_set_bg_palette_color
                0x0000000000000000        0xa src/c/pebble-gbc-graphics/pebble-gbc-graphics.c.33.o
 .text.GBC_Graphics_set_sprite_palette_color
                0x0000000000000000        0xa src/c/pebble-gbc-graphics/pebble-gbc-graphics.c.33.o
 .text.GBC_Graphics_copy_one_bg_palette
                0x0000000000000000        0xa src/c/pebble-gbc-graphics/pebble-gbc-graphics.c.33.o
 .text.GBC_Graphics_copy_one_sprite_palette
                0x0000000000000000        0xa src/c/pebble-gbc-graphics/pebble-gbc-graphics.c.33.o
 .text.GBC_Graphics_copy_all_bg_palettes
[...]
Memory Configuration

Name             Origin             Length             Attributes
APP              0x0000000000000000 0x0000000000006000 xrw
*default*        0x0000000000000000 0xffffffffffffffff

Linker script and memory map

LOAD /home/linksky/pebble-dev/pebble-sdk-4.5-linux64/arm-cs-tools/bin/../lib/gcc/arm-none-eabi/4.7.2/thumb2/crti.o
LOAD /home/linksky/pebble-dev/pebble-sdk-4.5-linux64/arm-cs-tools/bin/../lib/gcc/arm-none-eabi/4.7.2/thumb2/crtbegin.o
LOAD src/c/main.c.33.o
LOAD src/c/pebble-gbc-graphics/pebble-gbc-graphics.c.33.o
LOAD aplite/appinfo.auto.c.33.o
LOAD aplite/src/resource_ids.auto.c.33.o
LOAD src/message_keys.auto.c.33.o
LOAD /home/linksky/.pebble-sdk/SDKs/current/sdk-core/pebble/aplite/lib/libpebble.a
START GROUP
LOAD /home/linksky/pebble-dev/pebble-sdk-4.5-linux64/arm-cs-tools/bin/../lib/gcc/arm-none-eabi/4.7.2/thumb2/libgcc.a
LOAD /home/linksky/pebble-dev/pebble-sdk-4.5-linux64/arm-cs-tools/bin/../lib/gcc/arm-none-eabi/4.7.2/../../../../arm-none-eabi/lib/thumb2/libc.a
END GROUP
LOAD /home/linksky/pebble-dev/pebble-sdk-4.5-linux64/arm-cs-tools/bin/../lib/gcc/arm-none-eabi/4.7.2/thumb2/crtend.o
LOAD /home/linksky/pebble-dev/pebble-sdk-4.5-linux64/arm-cs-tools/bin/../lib/gcc/arm-none-eabi/4.7.2/thumb2/crtn.o

.header         0x0000000000000000       0x82
 *(.pbl_header)
 .pbl_header    0x0000000000000000       0x82 aplite/appinfo.auto.c.33.o
                0x0000000000000000                __pbl_app_info

.note.gnu.build-id
                0x0000000000000082       0x26
                0x0000000000000082                PROVIDE (BUILD_ID, .)
 *(.note.gnu.build-id)
 *fill*         0x0000000000000082        0x2 
 .note.gnu.build-id
                0x0000000000000084       0x24 linker stubs

.text           0x00000000000000a8      0xc30
 *(.text)
 .text          0x00000000000000a8       0x14 /home/linksky/.pebble-sdk/SDKs/current/sdk-core/pebble/aplite/lib/libpebble.a(tmp7jpKUopebble.o)
 *(.text.*)
 .text.window_unload
                0x00000000000000bc       0x10 src/c/main.c.33.o
 .text.draw_number
                0x00000000000000cc       0x58 src/c/main.c.33.o
 .text.update_time
                0x0000000000000124       0x94 src/c/main.c.33.o
 .text.window_load
                0x00000000000001b8       0x9c src/c/main.c.33.o
 .text.tick_handler
                0x0000000000000254        0x4 src/c/main.c.33.o
 .text.startup.main
                0x0000000000000258       0x68 src/c/main.c.33.o
                0x0000000000000258                main
 .text.graphics_update_proc
                0x00000000000002c0      0x5dc src/c/pebble-gbc-graphics/pebble-gbc-graphics.c.33.o
 .text.GBC_Graphics_ctor
                0x000000000000089c       0xc4 src/c/pebble-gbc-graphics/pebble-gbc-graphics.c.33.o
                0x000000000000089c                GBC_Graphics_ctor
 .text.GBC_Graphics_destroy
                0x0000000000000960       0x44 src/c/pebble-gbc-graphics/pebble-gbc-graphics.c.33.o
                0x0000000000000960                GBC_Graphics_destroy
 .text.GBC_Graphics_get_screen_height
                0x00000000000009a4        0x6 src/c/pebble-gbc-graphics/pebble-gbc-graphics.c.33.o
                0x00000000000009a4                GBC_Graphics_get_screen_height
 .text.GBC_Graphics_load_from_tilesheet_into_vram
                0x00000000000009aa       0x30 src/c/pebble-gbc-graphics/pebble-gbc-graphics.c.33.o
                0x00000000000009aa                GBC_Graphics_load_from_tilesheet_into_vram
 .text.GBC_Graphics_set_bg_palette
                0x00000000000009da       0x1a src/c/pebble-gbc-graphics/pebble-gbc-graphics.c.33.o
                0x00000000000009da                GBC_Graphics_set_bg_palette
 .text.GBC_Graphics_render
                0x00000000000009f4        0x6 src/c/pebble-gbc-graphics/pebble-gbc-graphics.c.33.o
                0x00000000000009f4                GBC_Graphics_render
 .text.GBC_Graphics_bg_set_tile
                0x00000000000009fa       0x12 src/c/pebble-gbc-graphics/pebble-gbc-graphics.c.33.o
                0x00000000000009fa                GBC_Graphics_bg_set_tile
 .text.GBC_Graphics_bg_set_tile_palette
                0x0000000000000a0c       0x1a src/c/pebble-gbc-graphics/pebble-gbc-graphics.c.33.o
                0x0000000000000a0c                GBC_Graphics_bg_set_tile_palette
 .text.GBC_Graphics_window_set_offset_y
                0x0000000000000a26        0x4 src/c/pebble-gbc-graphics/pebble-gbc-graphics.c.33.o
                0x0000000000000a26                GBC_Graphics_window_set_offset_y
 *fill*         0x0000000000000a2a        0x2 
 .text.app_event_loop
                0x0000000000000a2c        0xc /home/linksky/.pebble-sdk/SDKs/current/sdk-core/pebble/aplite/lib/libpebble.a(tmp7jpKUopebble.o)
                0x0000000000000a2c                app_event_loop
 .text.clock_is_24h_style
                0x0000000000000a38        0xc /home/linksky/.pebble-sdk/SDKs/current/sdk-core/pebble/aplite/lib/libpebble.a(tmp7jpKUopebble.o)
                0x0000000000000a38                clock_is_24h_style
 .text.free     0x0000000000000a44        0xc /home/linksky/.pebble-sdk/SDKs/current/sdk-core/pebble/aplite/lib/libpebble.a(tmp7jpKUopebble.o)
                0x0000000000000a44                free
 .text.layer_add_child
                0x0000000000000a50        0xc /home/linksky/.pebble-sdk/SDKs/current/sdk-core/pebble/aplite/lib/libpebble.a(tmp7jpKUopebble.o)
                0x0000000000000a50                layer_add_child
 .text.layer_create_with_data
                0x0000000000000a5c        0xc /home/linksky/.pebble-sdk/SDKs/current/sdk-core/pebble/aplite/lib/libpebble.a(tmp7jpKUopebble.o)
                0x0000000000000a5c                layer_create_with_data
 .text.layer_destroy
                0x0000000000000a68        0xc /home/linksky/.pebble-sdk/SDKs/current/sdk-core/pebble/aplite/lib/libpebble.a(tmp7jpKUopebble.o)
                0x0000000000000a68                layer_destroy
 .text.layer_get_bounds
                0x0000000000000a74        0xc /home/linksky/.pebble-sdk/SDKs/current/sdk-core/pebble/aplite/lib/libpebble.a(tmp7jpKUopebble.o)
                0x0000000000000a74                layer_get_bounds
 .text.layer_get_data
                0x0000000000000a80        0xc /home/linksky/.pebble-sdk/SDKs/current/sdk-core/pebble/aplite/lib/libpebble.a(tmp7jpKUopebble.o)
                0x0000000000000a80                layer_get_data
 .text.layer_mark_dirty
                0x0000000000000a8c        0xc /home/linksky/.pebble-sdk/SDKs/current/sdk-core/pebble/aplite/lib/libpebble.a(tmp7jpKUopebble.o)
                0x0000000000000a8c                layer_mark_dirty
 .text.layer_set_update_proc
                0x0000000000000a98        0xc /home/linksky/.pebble-sdk/SDKs/current/sdk-core/pebble/aplite/lib/libpebble.a(tmp7jpKUopebble.o)
                0x0000000000000a98                layer_set_update_proc
 .text.malloc   0x0000000000000aa4        0xc /home/linksky/.pebble-sdk/SDKs/current/sdk-core/pebble/aplite/lib/libpebble.a(tmp7jpKUopebble.o)
                0x0000000000000aa4                malloc
 .text.memset   0x0000000000000ab0        0xc /home/linksky/.pebble-sdk/SDKs/current/sdk-core/pebble/aplite/lib/libpebble.a(tmp7jpKUopebble.o)
                0x0000000000000ab0                memset
 .text.resource_get_handle
                0x0000000000000abc        0xc /home/linksky/.pebble-sdk/SDKs/current/sdk-core/pebble/aplite/lib/libpebble.a(tmp7jpKUopebble.o)
                0x0000000000000abc                resource_get_handle
 .text.resource_load_byte_range
                0x0000000000000ac8        0xc /home/linksky/.pebble-sdk/SDKs/current/sdk-core/pebble/aplite/lib/libpebble.a(tmp7jpKUopebble.o)
                0x0000000000000ac8                resource_load_byte_range
 .text.resource_size
                0x0000000000000ad4        0xc /home/linksky/.pebble-sdk/SDKs/current/sdk-core/pebble/aplite/lib/libpebble.a(tmp7jpKUopebble.o)
                0x0000000000000ad4                resource_size
 .text.strftime
                0x0000000000000ae0        0xc /home/linksky/.pebble-sdk/SDKs/current/sdk-core/pebble/aplite/lib/libpebble.a(tmp7jpKUopebble.o)
                0x0000000000000ae0                strftime
 .text.tick_timer_service_subscribe
                0x0000000000000aec        0xc /home/linksky/.pebble-sdk/SDKs/current/sdk-core/pebble/aplite/lib/libpebble.a(tmp7jpKUopebble.o)
                0x0000000000000aec                tick_timer_service_subscribe
 .text.window_create
                0x0000000000000af8        0xc /home/linksky/.pebble-sdk/SDKs/current/sdk-core/pebble/aplite/lib/libpebble.a(tmp7jpKUopebble.o)
                0x0000000000000af8                window_create
 .text.window_destroy
                0x0000000000000b04        0xc /home/linksky/.pebble-sdk/SDKs/current/sdk-core/pebble/aplite/lib/libpebble.a(tmp7jpKUopebble.o)
                0x0000000000000b04                window_destroy
 .text.window_get_root_layer
                0x0000000000000b10        0xc /home/linksky/.pebble-sdk/SDKs/current/sdk-core/pebble/aplite/lib/libpebble.a(tmp7jpKUopebble.o)
                0x0000000000000b10                window_get_root_layer
 .text.window_set_window_handlers
                0x0000000000000b1c        0xc /home/linksky/.pebble-sdk/SDKs/current/sdk-core/pebble/aplite/lib/libpebble.a(tmp7jpKUopebble.o)
                0x0000000000000b1c                window_set_window_handlers
 .text.window_stack_push
                0x0000000000000b28        0xc /home/linksky/.pebble-sdk/SDKs/current/sdk-core/pebble/aplite/lib/libpebble.a(tmp7jpKUopebble.o)
                0x0000000000000b28                window_stack_push
 .text.graphics_release_frame_buffer
                0x0000000000000b34        0xc /home/linksky/.pebble-sdk/SDKs/current/sdk-core/pebble/aplite/lib/libpebble.a(tmp7jpKUopebble.o)
                0x0000000000000b34                graphics_release_frame_buffer
 .text.localtime
                0x0000000000000b40        0xc /home/linksky/.pebble-sdk/SDKs/current/sdk-core/pebble/aplite/lib/libpebble.a(tmp7jpKUopebble.o)
                0x0000000000000b40                localtime
 .text.graphics_capture_frame_buffer
                0x0000000000000b4c        0xc /home/linksky/.pebble-sdk/SDKs/current/sdk-core/pebble/aplite/lib/libpebble.a(tmp7jpKUopebble.o)
                0x0000000000000b4c                graphics_capture_frame_buffer
 .text.time     0x0000000000000b58        0xc /home/linksky/.pebble-sdk/SDKs/current/sdk-core/pebble/aplite/lib/libpebble.a(tmp7jpKUopebble.o)
                0x0000000000000b58                time
 .text.gbitmap_get_data_row_info
                0x0000000000000b64        0xc /home/linksky/.pebble-sdk/SDKs/current/sdk-core/pebble/aplite/lib/libpebble.a(tmp7jpKUopebble.o)
                0x0000000000000b64                gbitmap_get_data_row_info
 *(.rodata)
 *(.rodata*)
 .rodata.NUMBERS
                0x0000000000000b70      0x15e src/c/main.c.33.o
                0x0000000000000b70                NUMBERS
 .rodata.str1.1
                0x0000000000000cce        0xa src/c/main.c.33.o

.glue_7         0x0000000000000cd8        0x0
 .glue_7        0x0000000000000000        0x0 linker stubs

.glue_7t        0x0000000000000cd8        0x0
 .glue_7t       0x0000000000000000        0x0 linker stubs

.vfp11_veneer   0x0000000000000cd8        0x0
 .vfp11_veneer  0x0000000000000000        0x0 linker stubs

.v4_bx          0x0000000000000cd8        0x0
 .v4_bx         0x0000000000000000        0x0 linker stubs

.iplt           0x0000000000000cd8        0x0
 .iplt          0x0000000000000000        0x0 /home/linksky/pebble-dev/pebble-sdk-4.5-linux64/arm-cs-tools/bin/../lib/gcc/arm-none-eabi/4.7.2/thumb2/crtbegin.o

.rel.dyn        0x0000000000000cd8        0x0
 .rel.iplt      0x0000000000000000        0x0 /home/linksky/pebble-dev/pebble-sdk-4.5-linux64/arm-cs-tools/bin/../lib/gcc/arm-none-eabi/4.7.2/thumb2/crtbegin.o

.data           0x0000000000000cd8        0x4
 *(.data)
 .data          0x0000000000000cd8        0x0 /home/linksky/pebble-dev/pebble-sdk-4.5-linux64/arm-cs-tools/bin/../lib/gcc/arm-none-eabi/4.7.2/thumb2/crti.o
 .data          0x0000000000000cd8        0x4 /home/linksky/pebble-dev/pebble-sdk-4.5-linux64/arm-cs-tools/bin/../lib/gcc/arm-none-eabi/4.7.2/thumb2/crtbegin.o
                0x0000000000000cd8                __dso_handle
 .data          0x0000000000000cdc        0x0 src/c/main.c.33.o
 .data          0x0000000000000cdc        0x0 src/c/pebble-gbc-graphics/pebble-gbc-graphics.c.33.o
 .data          0x0000000000000cdc        0x0 aplite/appinfo.auto.c.33.o
 .data          0x0000000000000cdc        0x0 aplite/src/resource_ids.auto.c.33.o
 .data          0x0000000000000cdc        0x0 src/message_keys.auto.c.33.o
 .data          0x0000000000000cdc        0x0 /home/linksky/.pebble-sdk/SDKs/current/sdk-core/pebble/aplite/lib/libpebble.a(tmp7jpKUopebble.o)
 .data          0x0000000000000cdc        0x0 /home/linksky/pebble-dev/pebble-sdk-4.5-linux64/arm-cs-tools/bin/../lib/gcc/arm-none-eabi/4.7.2/thumb2/crtend.o
 .data          0x0000000000000cdc        0x0 /home/linksky/pebble-dev/pebble-sdk-4.5-linux64/arm-cs-tools/bin/../lib/gcc/arm-none-eabi/4.7.2/thumb2/crtn.o
 *(.data.*)

.igot.plt       0x0000000000000cdc        0x0
 .igot.plt      0x0000000000000000        0x0 /home/linksky/pebble-dev/pebble-sdk-4.5-linux64/arm-cs-tools/bin/../lib/gcc/arm-none-eabi/4.7.2/thumb2/crtbegin.o

.bss            0x0000000000000cdc       0x10
 *(.bss)
 *(.bss.*)
 .bss.s_gbc_graphics
                0x0000000000000cdc        0x4 src/c/main.c.33.o
 .bss.s_window  0x0000000000000ce0        0x4 src/c/main.c.33.o
 .bss.s_buffer.7969
                0x0000000000000ce4        0x8 src/c/main.c.33.o

DISCARD
 libc.a(*)
 libm.a(*)
 libgcc.a(*)
 *(.eh_frame)
OUTPUT(/mnt/c/Users/harri/Documents/pebble/dots/dots/build/aplite/pebble-app.elf elf32-littlearm)

.ARM.attributes
                0x0000000000000000       0x27
 .ARM.attributes
                0x0000000000000000       0x19 /home/linksky/pebble-dev/pebble-sdk-4.5-linux64/arm-cs-tools/bin/../lib/gcc/arm-none-eabi/4.7.2/thumb2/crti.o
 .ARM.attributes
                0x0000000000000019       0x29 /home/linksky/pebble-dev/pebble-sdk-4.5-linux64/arm-cs-tools/bin/../lib/gcc/arm-none-eabi/4.7.2/thumb2/crtbegin.o
 .ARM.attributes
                0x0000000000000042       0x33 src/c/main.c.33.o
 .ARM.attributes
                0x0000000000000075       0x33 src/c/pebble-gbc-graphics/pebble-gbc-graphics.c.33.o
 .ARM.attributes
                0x00000000000000a8       0x33 aplite/appinfo.auto.c.33.o
 .ARM.attributes
                0x00000000000000db       0x33 aplite/src/resource_ids.auto.c.33.o
 .ARM.attributes
                0x000000000000010e       0x33 src/message_keys.auto.c.33.o
 .ARM.attributes
                0x0000000000000141       0x21 /home/linksky/.pebble-sdk/SDKs/current/sdk-core/pebble/aplite/lib/libpebble.a(tmp7jpKUopebble.o)
 .ARM.attributes
                0x0000000000000162       0x29 /home/linksky/pebble-dev/pebble-sdk-4.5-linux64/arm-cs-tools/bin/../lib/gcc/arm-none-eabi/4.7.2/thumb2/crtend.o
 .ARM.attributes
                0x000000000000018b       0x19 /home/linksky/pebble-dev/pebble-sdk-4.5-linux64/arm-cs-tools/bin/../lib/gcc/arm-none-eabi/4.7.2/thumb2/crtn.o

.comment        0x0000000000000000       0x4e
 .comment       0x0000000000000000       0x4e /home/linksky/pebble-dev/pebble-sdk-4.5-linux64/arm-cs-tools/bin/../lib/gcc/arm-none-eabi/4.7.2/thumb2/crtbegin.o
                                         0x4f (size before relaxing)
 .comment       0x0000000000000000       0x4f src/c/main.c.33.o
 .comment       0x0000000000000000       0x4f src/c/pebble-gbc-graphics/pebble-gbc-graphics.c.33.o
 .comment       0x0000000000000000       0x4f aplite/appinfo.auto.c.33.o
 .comment       0x0000000000000000       0x4f aplite/src/resource_ids.auto.c.33.o
 .comment       0x0000000000000000       0x4f src/message_keys.auto.c.33.o
 .comment       0x0000000000000000       0x4f /home/linksky/pebble-dev/pebble-sdk-4.5-linux64/arm-cs-tools/bin/../lib/gcc/arm-none-eabi/4.7.2/thumb2/crtend.o

.debug_info     0x0000000000000000     0x47b7
 .debug_info    0x0000000000000000      0xdc8 src/c/main.c.33.o
 .debug_info    0x0000000000000dc8     0x35d3 src/c/pebble-gbc-graphics/pebble-gbc-graphics.c.33.o
 .debug_info    0x000000000000439b      0x31a aplite/appinfo.auto.c.33.o
 .debug_info    0x00000000000046b5       0x81 aplite/src/resource_ids.auto.c.33.o
 .debug_info    0x0000000000004736       0x81 src/message_keys.auto.c.33.o

.debug_abbrev   0x0000000000000000      0x906
 .debug_abbrev  0x0000000000000000      0x32a src/c/main.c.33.o
 .debug_abbrev  0x000000000000032a      0x4b6 src/c/pebble-gbc-graphics/pebble-gbc-graphics.c.33.o
 .debug_abbrev  0x00000000000007e0       0x9e aplite/appinfo.auto.c.33.o
 .debug_abbrev  0x000000000000087e       0x44 aplite/src/resource_ids.auto.c.33.o
 .debug_abbrev  0x00000000000008c2       0x44 src/message_keys.auto.c.33.o

.debug_loc      0x0000000000000000     0x342e
 .debug_loc     0x0000000000000000      0x2b9 src/c/main.c.33.o
 .debug_loc     0x00000000000002b9     0x3175 src/c/pebble-gbc-graphics/pebble-gbc-graphics.c.33.o

.debug_aranges  0x0000000000000000      0x430
 .debug_aranges
                0x0000000000000000       0x48 src/c/main.c.33.o
 .debug_aranges
                0x0000000000000048      0x3a0 src/c/pebble-gbc-graphics/pebble-gbc-graphics.c.33.o
 .debug_aranges
                0x00000000000003e8       0x18 aplite/appinfo.auto.c.33.o
 .debug_aranges
                0x0000000000000400       0x18 aplite/src/resource_ids.auto.c.33.o
 .debug_aranges
                0x0000000000000418       0x18 src/message_keys.auto.c.33.o

.debug_ranges   0x0000000000000000      0x720
 .debug_ranges  0x0000000000000000      0x110 src/c/main.c.33.o
 .debug_ranges  0x0000000000000110      0x610 src/c/pebble-gbc-graphics/pebble-gbc-graphics.c.33.o

.debug_line     0x0000000000000000     0x1253
 .debug_line    0x0000000000000000      0x359 src/c/main.c.33.o
 .debug_line    0x0000000000000359      0xc44 src/c/pebble-gbc-graphics/pebble-gbc-graphics.c.33.o
 .debug_line    0x0000000000000f9d      0x123 aplite/appinfo.auto.c.33.o
 .debug_line    0x00000000000010c0       0xcd aplite/src/resource_ids.auto.c.33.o
 .debug_line    0x000000000000118d       0xc6 src/message_keys.auto.c.33.o

.debug_str      0x0000000000000000     0x1b3c
 .debug_str     0x0000000000000000      0x595 src/c/main.c.33.o
                                        0x6e4 (size before relaxing)
 .debug_str     0x0000000000000595     0x1310 src/c/pebble-gbc-graphics/pebble-gbc-graphics.c.33.o
                                       0x1808 (size before relaxing)
 .debug_str     0x00000000000018a5      0x22f aplite/appinfo.auto.c.33.o
                                        0x322 (size before relaxing)
 .debug_str     0x0000000000001ad4       0x3e aplite/src/resource_ids.auto.c.33.o
                                        0x10b (size before relaxing)
 .debug_str     0x0000000000001b12       0x2a src/message_keys.auto.c.33.o
                                         0xf7 (size before relaxing)

.debug_frame    0x0000000000000000      0x8d0
 .debug_frame   0x0000000000000000       0xbc src/c/main.c.33.o
 .debug_frame   0x00000000000000bc      0x814 src/c/pebble-gbc-graphics/pebble-gbc-graphics.c.33.o
